// Jest Snapshot v1, https://goo.gl/fbAQLP

exports[`ScondaryText Renderer 1`] = `
<div
  className="sc-bdvvtL jkdmfi"
>
  test
</div>
`;
