// Jest Snapshot v1, https://goo.gl/fbAQLP

exports[`Flex Renderer 1`] = `
<div
  className="sc-bdvvtL ccbulY"
/>
`;
