// Jest Snapshot v1, https://goo.gl/fbAQLP

exports[`SubTitle Renderer 1`] = `
<div
  className="sc-bdvvtL ljnmSX"
>
  test
</div>
`;
