// Jest Snapshot v1, https://goo.gl/fbAQLP

exports[`Image Renderer 1`] = `
<img
  className="sc-bdvvtL kLVEJL"
  src="sunSnow.png"
/>
`;
