// Jest Snapshot v1, https://goo.gl/fbAQLP

exports[`Title Renderer 1`] = `
<div
  className="sc-bdvvtL fQKQmm"
>
  test
</div>
`;
